0 verbose cli /opt/homebrew/Cellar/node/23.11.0/bin/node /opt/homebrew/lib/node_modules/npm/bin/npm-cli.js
1 info using npm@10.9.2
2 info using node@v23.11.0
3 silly config load:file:/opt/homebrew/lib/node_modules/npm/npmrc
4 silly config load:file:/Users/calebokwesiearthur/Desktop/Machine_Learning_Midsem/Group/Deployment/.npmrc
5 silly config load:file:/Users/calebokwesiearthur/.npmrc
6 silly config load:file:/opt/homebrew/etc/npmrc
7 verbose title npm exec create-next-app@latest . --ts --eslint --tailwind --src-dir --app --import-alias @/* --use-npm
8 verbose argv "exec" "--yes" "--" "create-next-app@latest" "." "--ts" "--eslint" "--tailwind" "--src-dir" "--app" "--import-alias" "@/*" "--use-npm"
9 verbose logfile logs-max:10 dir:/Users/calebokwesiearthur/Desktop/Machine_Learning_Midsem/Group/Deployment/.npm-cache/_logs/2025-10-30T22_41_15_114Z-
10 verbose logfile /Users/calebokwesiearthur/Desktop/Machine_Learning_Midsem/Group/Deployment/.npm-cache/_logs/2025-10-30T22_41_15_114Z-debug-0.log
11 silly logfile done cleaning log files
12 silly packumentCache heap:4345298944 maxSize:1086324736 maxEntrySize:543162368
13 http fetch GET 200 https://registry.npmjs.org/create-next-app 750ms (cache miss)
14 silly packumentCache heap:4345298944 maxSize:1086324736 maxEntrySize:543162368
15 silly packumentCache heap:4345298944 maxSize:1086324736 maxEntrySize:543162368
16 silly idealTree buildDeps
17 silly fetch manifest create-next-app@16.0.1
18 silly packumentCache full:https://registry.npmjs.org/create-next-app cache-miss
19 http fetch GET 200 https://registry.npmjs.org/create-next-app 566ms (cache miss)
20 silly packumentCache full:https://registry.npmjs.org/create-next-app set size:undefined disposed:false
21 silly placeDep ROOT create-next-app@16.0.1 OK for:  want: 16.0.1
22 silly reify moves {}
23 silly audit bulk request { 'create-next-app': [ '16.0.1' ] }
24 http cache create-next-app@https://registry.npmjs.org/create-next-app/-/create-next-app-16.0.1.tgz 0ms (cache hit)
25 silly tarball no local data for create-next-app@https://registry.npmjs.org/create-next-app/-/create-next-app-16.0.1.tgz. Extracting by manifest.
26 http fetch GET 200 https://registry.npmjs.org/create-next-app/-/create-next-app-16.0.1.tgz 186ms (cache miss)
27 http fetch POST 200 https://registry.npmjs.org/-/npm/v1/security/advisories/bulk 320ms
28 silly audit report {}
29 verbose cwd /Users/calebokwesiearthur/Desktop/Machine_Learning_Midsem/Group/Deployment
30 verbose os Darwin 25.0.0
31 verbose node v23.11.0
32 verbose npm  v10.9.2
33 verbose exit 1
34 verbose code 1
